exports[`MessageView Rendering should match the snapshot 1`] = `
<Text
  accessible={true}
  allowFontScaling={true}
  ellipsizeMode="tail">
  YOU : 
</Text>
`;
