exports[`MoodLabel Rendering should match the snapshot 1`] = `
<View>
  <Text
    accessible={true}
    allowFontScaling={true}
    ellipsizeMode="tail">
    DREW is 
  </Text>
</View>
`;
