exports[`TypingInfo Rendering should match the snapshot 1`] = `<View />`;
